# 100-matrix_mul.txt

"""

test of matrix_mul(m_a, m_b) to multiply two matrices

>>> matrix_mul = __import__('100-matrix_mul').matrix_mul
>>> matrix_mul([[1, 2, 3], [4, 5, 6]], [[7, 8], [9, 10], [11, 12]])
[[58, 64], [139, 154]]

>>> matrix_mul([[1, 2, 3]], [[4, 5], [6, 7], [8, 9]])
[[40, 46]]

>>> matrix_mul([[1, 2, 3], [4, 5, 6]], [])
Traceback (most recent call last):
    ...
ValueError: m_a can't be empty or m_b can't be empty

>>> matrix_mul([[1, 2, 3], [4, 5, '6']], [[7, 8], [9, 10], [11, 12]])
Traceback (most recent call last):
    ...
TypeError: m_a should contain only integers or floats or m_b should contain only integers or floats

>>> matrix_mul([[1, 2, 3], 4, 5], [[7, 8], [9, 10], [11, 12]])
Traceback (most recent call last):
    ...
TypeError: m_a must be a list of lists or m_b must be a list of lists

>>> matrix_mul(123, "matrix")
Traceback (most recent call last):
    ...
TypeError: m_a must be a list or m_b must be a list

"""
